// Jest Snapshot v1, https://goo.gl/fbAQLP

exports[`NoteItem component renders UI as expected 1`] = `
<ContextConsumer>
  <Component />
</ContextConsumer>
`;
